
<html>
	<head>
	    <link href="style.css" rel="stylesheet" type="text/css" />
		<title>All Frugal Declarations</title>
	</head>
	<body>
		<div class="container-fluid">
			<h1>All Frugal Declarations</h1>
			<table class="table-bordered table-striped table-condensed">
				<tr>
					<th>Module</th>
					<th>Services</th>
					<th>Scopes</th>
					<th>Data Types</th>
					<th>Constants</th>
				</tr>
				
				<tr>
					<td><a href="ValidTypes.html">ValidTypes</a></td>
					<td>
					
					</td>
					<td>
					
					</td>
					<td>
					
						<a href="ValidTypes.html#typedef_MyInt">MyInt</a><br />
					
					
					
					</td>
					<td>
					
					</td>
				</tr>
				
				<tr>
					<td><a href="base.html">base</a></td>
					<td>
					
						<a href="base.html#svc_BaseFoo">BaseFoo</a><br />
						<ul>
						
							<li><a href="base.html#fn_BaseFoo_basePing">basePing</a></li>
						
						</ul>
					
					</td>
					<td>
					
					</td>
					<td>
					
					
						<a href="base.html#enum_base_health_condition">base_health_condition</a><br />
					
					
						<a href="base.html#struct_thing">thing</a><br />
					
						<a href="base.html#struct_nested_thing">nested_thing</a><br />
					
						<a href="base.html#struct_api_exception">api_exception</a><br />
					
					</td>
					<td>
					
					    <code><a href="base.html#const_const_i32_from_base">const_i32_from_base</a></code><br />
					
					</td>
				</tr>
				
				<tr>
					<td><a href="intermediate_include.html">intermediate_include</a></td>
					<td>
					
						<a href="intermediate_include.html#svc_IntermediateFoo">IntermediateFoo</a><br />
						<ul>
						
							<li><a href="intermediate_include.html#fn_IntermediateFoo_IntermeidateFoo">IntermeidateFoo</a></li>
						
						</ul>
					
					</td>
					<td>
					
					</td>
					<td>
					
					
					
					</td>
					<td>
					
					</td>
				</tr>
				
				<tr>
					<td><a href="subdir_include.html">subdir_include</a></td>
					<td>
					
					</td>
					<td>
					
					</td>
					<td>
					
					
					
						<a href="subdir_include.html#struct_A">A</a><br />
					
					</td>
					<td>
					
					</td>
				</tr>
				
				<tr>
					<td><a href="validStructs.html">validStructs</a></td>
					<td>
					
					</td>
					<td>
					
					</td>
					<td>
					
					
					
						<a href="validStructs.html#struct_Thing">Thing</a><br />
					
					</td>
					<td>
					
					</td>
				</tr>
				
				<tr>
					<td><a href="variety.html">variety</a></td>
					<td>
					
						<a href="variety.html#svc_Foo">Foo</a><br />
						<ul>
						
							<li><a href="variety.html#fn_Foo_Ping">Ping</a></li>
						
							<li><a href="variety.html#fn_Foo_blah">blah</a></li>
						
							<li><a href="variety.html#fn_Foo_oneWay">oneWay</a></li>
						
							<li><a href="variety.html#fn_Foo_bin_method">bin_method</a></li>
						
							<li><a href="variety.html#fn_Foo_param_modifiers">param_modifiers</a></li>
						
							<li><a href="variety.html#fn_Foo_underlying_types_test">underlying_types_test</a></li>
						
							<li><a href="variety.html#fn_Foo_getThing">getThing</a></li>
						
							<li><a href="variety.html#fn_Foo_getMyInt">getMyInt</a></li>
						
							<li><a href="variety.html#fn_Foo_use_subdir_struct">use_subdir_struct</a></li>
						
							<li><a href="variety.html#fn_Foo_sayHelloWith">sayHelloWith</a></li>
						
							<li><a href="variety.html#fn_Foo_whatDoYouSay">whatDoYouSay</a></li>
						
							<li><a href="variety.html#fn_Foo_sayAgain">sayAgain</a></li>
						
						</ul>
					
						<a href="variety.html#svc_FooTransitiveDeps">FooTransitiveDeps</a><br />
						<ul>
						
							<li><a href="variety.html#fn_FooTransitiveDeps_ping">ping</a></li>
						
						</ul>
					
					</td>
					<td>
					
					    <a href="variety.html#scp_Events">Events</a><br />
						<ul>
						
							<li><a href="variety.html#fn_Events_EventCreated">EventCreated</a></li>
						
							<li><a href="variety.html#fn_Events_SomeInt">SomeInt</a></li>
						
							<li><a href="variety.html#fn_Events_SomeStr">SomeStr</a></li>
						
							<li><a href="variety.html#fn_Events_SomeList">SomeList</a></li>
						
						</ul>
					
					</td>
					<td>
					
						<a href="variety.html#typedef_id">id</a><br />
					
						<a href="variety.html#typedef_int">int</a><br />
					
						<a href="variety.html#typedef_request">request</a><br />
					
						<a href="variety.html#typedef_t1_string">t1_string</a><br />
					
						<a href="variety.html#typedef_t2_string">t2_string</a><br />
					
					
						<a href="variety.html#enum_HealthCondition">HealthCondition</a><br />
					
						<a href="variety.html#enum_ItsAnEnum">ItsAnEnum</a><br />
					
					
						<a href="variety.html#struct_TestBase">TestBase</a><br />
					
						<a href="variety.html#struct_TestLowercase">TestLowercase</a><br />
					
						<a href="variety.html#struct_Event">Event</a><br />
					
						<a href="variety.html#struct_TestingDefaults">TestingDefaults</a><br />
					
						<a href="variety.html#struct_EventWrapper">EventWrapper</a><br />
					
						<a href="variety.html#struct_FooArgs">FooArgs</a><br />
					
						<a href="variety.html#struct_AwesomeException">AwesomeException</a><br />
					
						<a href="variety.html#struct_TestingUnions">TestingUnions</a><br />
					
					</td>
					<td>
					
					    <code><a href="variety.html#const_redef_const">redef_const</a></code><br />
					
					    <code><a href="variety.html#const_const_thing">const_thing</a></code><br />
					
					    <code><a href="variety.html#const_DEFAULT_ID">DEFAULT_ID</a></code><br />
					
					    <code><a href="variety.html#const_other_default">other_default</a></code><br />
					
					    <code><a href="variety.html#const_thirtyfour">thirtyfour</a></code><br />
					
					    <code><a href="variety.html#const_MAPCONSTANT">MAPCONSTANT</a></code><br />
					
					    <code><a href="variety.html#const_SETCONSTANT">SETCONSTANT</a></code><br />
					
					    <code><a href="variety.html#const_ConstEvent1">ConstEvent1</a></code><br />
					
					    <code><a href="variety.html#const_ConstEvent2">ConstEvent2</a></code><br />
					
					    <code><a href="variety.html#const_NumsList">NumsList</a></code><br />
					
					    <code><a href="variety.html#const_NumsSet">NumsSet</a></code><br />
					
					    <code><a href="variety.html#const_MAPCONSTANT2">MAPCONSTANT2</a></code><br />
					
					    <code><a href="variety.html#const_bin_const">bin_const</a></code><br />
					
					    <code><a href="variety.html#const_true_constant">true_constant</a></code><br />
					
					    <code><a href="variety.html#const_false_constant">false_constant</a></code><br />
					
					    <code><a href="variety.html#const_const_hc">const_hc</a></code><br />
					
					    <code><a href="variety.html#const_evil_string">evil_string</a></code><br />
					
					    <code><a href="variety.html#const_evil_string2">evil_string2</a></code><br />
					
					    <code><a href="variety.html#const_const_lower">const_lower</a></code><br />
					
					</td>
				</tr>
				
			</table>
		</div>
	</body>
</html>
