[package]
name = "rust"
version = "2.22.0"

[dependencies]
thrift = { path = "../../../../lib/rust/thrift" }
frugal = { path = "../../../../lib/rust" }
lazy_static = "1.2"
log = "0.4"
tower-service = "0.1"
tower-web = "0.3"
futures = "0.1"
